bitcoin_p2pkh circuit
--
Gates & Instructions
├─ Number of gates: 150,965
└─ Number of evaluation instructions: 176,783

Constraints
├─ ZERO constraints: 16,582 used (50.6% of 2^15)
│  [▓▓▓▓▓░░░░░] spare: 16,186
├─ AND constraints: 84,233 used (64.3% of 2^17)
│  [▓▓▓▓▓▓░░░░] spare: 46,839
├─ IMUL constraints: 15,186 used (92.7% of 2^14)
│  [▓▓▓▓▓▓▓▓▓░] spare: 1,198
├─ BMUL constraints: 12,666 used (77.3% of 2^14)
│  [▓▓▓▓▓▓▓░░░] spare: 3,718
└─ Distinct value indices: 275,067
   ├─ Distinct shifted value indices: 139,192
   └─ Distinct unshifted value indices: 135,875

Value Vector
├─ Public Section: 134 (not committed)
│  ├─ Constants: 134
│  └─ Inout: 0
├─ Private Section: 135,752
│  ├─ Witness: 9
│  └─ Internal: 135,743
├─ Committed Trace: 135,752 used (51.8% of 2^18)
│  [▓▓▓▓▓░░░░░] spare: 126,392
└─ Scratch (uncommitted): 108,460 (peak live: 109)

