bitcoin_headers circuit
--
Gates & Instructions
├─ Number of gates: 47,118
└─ Number of evaluation instructions: 47,238

Constraints
├─ ZERO constraints: 4,694 used (57.3% of 2^13)
│  [▓▓▓▓▓░░░░░] spare: 3,498
├─ AND constraints: 15,344 used (93.7% of 2^14)
│  [▓▓▓▓▓▓▓▓▓░] spare: 1,040
├─ IMUL constraints: 0 used (0.0% of 0)
│  [░░░░░░░░░░] spare: 0
├─ BMUL constraints: 0 used (0.0% of 0)
│  [░░░░░░░░░░] spare: 0
└─ Distinct value indices: 47,383
   ├─ Distinct shifted value indices: 27,142
   └─ Distinct unshifted value indices: 20,241

Value Vector
├─ Public Section: 156 used (60.9% of 2^8)
│  [▓▓▓▓▓▓░░░░] spare: 100
│  ├─ Constants: 156
│  └─ Inout: 0
├─ Private Section: 20,092 used (61.8%)
│  [▓▓▓▓▓▓░░░░] spare: 12,420
│  ├─ Witness: 104
│  └─ Internal: 19,988
├─ Total Committed: 20,248 used (61.8% of 2^15)
│  [▓▓▓▓▓▓░░░░] spare: 12,520
└─ Scratch (uncommitted): 39,200 (peak live: 53)

