bitcoin_headers circuit
--
Gates & Instructions
├─ Number of gates: 51,268
└─ Number of evaluation instructions: 52,708

Constraints
├─ AND constraints: 22,715 used (69.3% of 2^15)
│  [▓▓▓▓▓▓░░░░] spare: 10,053
├─ MUL constraints: 0 used (0.0% of 0)
│  [░░░░░░░░░░] spare: 0
└─ Distinct value indices: 51,188
   ├─ Distinct shifted value indices: 28,648
   └─ Distinct unshifted value indices: 22,540

Value Vector
├─ Public Section: 175 used (68.4% of 2^8)
│  [▓▓▓▓▓▓░░░░] spare: 81
│  ├─ Constants: 175
│  └─ Inout: 0
├─ Private Section: 22,367 used (68.8%)
│  [▓▓▓▓▓▓░░░░] spare: 10,145
│  ├─ Witness: 804
│  └─ Internal: 21,563
├─ Total Committed: 22,542 used (68.8% of 2^15)
│  [▓▓▓▓▓▓░░░░] spare: 10,226
└─ Scratch (uncommitted): 42,615

