blake3 circuit
--
Gates & Instructions
├─ Number of gates: 7,256
└─ Number of evaluation instructions: 7,256

Constraints
├─ ZERO constraints: 2,381 used (58.1% of 2^12)
│  [▓▓▓▓▓░░░░░] spare: 1,715
├─ AND constraints: 2,760 used (67.4% of 2^12)
│  [▓▓▓▓▓▓░░░░] spare: 1,336
├─ IMUL constraints: 0 used (0.0% of 0)
│  [░░░░░░░░░░] spare: 0
├─ BMUL constraints: 0 used (0.0% of 0)
│  [░░░░░░░░░░] spare: 0
└─ Distinct value indices: 14,008
   ├─ Distinct shifted value indices: 8,862
   └─ Distinct unshifted value indices: 5,146

Value Vector
├─ Public Section: 281 used (54.9% of 2^9)
│  [▓▓▓▓▓░░░░░] spare: 231
│  ├─ Constants: 17
│  └─ Inout: 264
├─ Private Section: 5,133 used (66.8%)
│  [▓▓▓▓▓▓░░░░] spare: 2,547
│  ├─ Witness: 0
│  └─ Internal: 5,133
├─ Total Committed: 5,414 used (66.1% of 2^13)
│  [▓▓▓▓▓▓░░░░] spare: 2,778
└─ Scratch (uncommitted): 4,795 (peak live: 34)

