ec_msm circuit
--
Gates & Instructions
├─ Number of gates: 208,874
└─ Number of evaluation instructions: 243,990

Constraints
├─ ZERO constraints: 2,136 used (52.1% of 2^12)
│  [▓▓▓▓▓░░░░░] spare: 1,960
├─ AND constraints: 156,101 used (59.5% of 2^18)
│  [▓▓▓▓▓░░░░░] spare: 106,043
├─ IMUL constraints: 20,548 used (62.7% of 2^15)
│  [▓▓▓▓▓▓░░░░] spare: 12,220
├─ BMUL constraints: 0 used (0.0% of 0)
│  [░░░░░░░░░░] spare: 0
└─ Distinct value indices: 364,754
   ├─ Distinct shifted value indices: 176,436
   └─ Distinct unshifted value indices: 188,318

Value Vector
├─ Public Section: 52 used (81.2% of 2^6)
│  [▓▓▓▓▓▓▓▓░░] spare: 12
│  ├─ Constants: 20
│  └─ Inout: 32
├─ Private Section: 188,271 used (71.8%)
│  [▓▓▓▓▓▓▓░░░] spare: 73,809
│  ├─ Witness: 0
│  └─ Internal: 188,271
├─ Total Committed: 188,323 used (71.8% of 2^18)
│  [▓▓▓▓▓▓▓░░░] spare: 73,821
└─ Scratch (uncommitted): 145,321 (peak live: 184)

