ec_msm circuit
--
Gates & Instructions
├─ Number of gates: 208,914
└─ Number of evaluation instructions: 244,030

Constraints
├─ ZERO constraints: 12,728 used (77.7% of 2^14)
│  [▓▓▓▓▓▓▓░░░] spare: 3,656
├─ AND constraints: 121,893 used (93.0% of 2^17)
│  [▓▓▓▓▓▓▓▓▓░] spare: 9,179
├─ IMUL constraints: 20,548 used (62.7% of 2^15)
│  [▓▓▓▓▓▓░░░░] spare: 12,220
├─ BMUL constraints: 23,632 used (72.1% of 2^15)
│  [▓▓▓▓▓▓▓░░░] spare: 9,136
└─ Distinct value indices: 364,791
   ├─ Distinct shifted value indices: 176,457
   └─ Distinct unshifted value indices: 188,334

Value Vector
├─ Public Section: 52 (not committed)
│  ├─ Constants: 20
│  └─ Inout: 32
├─ Private Section: 188,287
│  ├─ Witness: 0
│  └─ Internal: 188,287
├─ Committed Trace: 188,287 used (71.8% of 2^18)
│  [▓▓▓▓▓▓▓░░░] spare: 73,857
└─ Scratch (uncommitted): 145,377 (peak live: 190)

