ethsign circuit
--
Gates & Instructions
├─ Number of gates: 239,649
└─ Number of evaluation instructions: 285,349

Constraints
├─ AND constraints: 197,938 used (75.5% of 2^18)
│  [▓▓▓▓▓▓▓░░░] spare: 64,206
├─ MUL constraints: 20,554 used (62.7% of 2^15)
│  [▓▓▓▓▓▓░░░░] spare: 12,214
└─ Distinct value indices: 418,326
   ├─ Distinct shifted value indices: 192,101
   └─ Distinct unshifted value indices: 226,225

Value Vector
├─ Public Section: 119 used (93.0% of 2^7)
│  [▓▓▓▓▓▓▓▓▓░] spare: 9
│  ├─ Constants: 90
│  └─ Inout: 29
├─ Private Section: 226,116 used (86.3%)
│  [▓▓▓▓▓▓▓▓░░] spare: 35,900
│  ├─ Witness: 42
│  └─ Internal: 226,074
├─ Total Committed: 226,235 used (86.3% of 2^18)
│  [▓▓▓▓▓▓▓▓░░] spare: 35,909
└─ Scratch (uncommitted): 199,216

