sha256 circuit
--
Gates & Instructions
├─ Number of gates: 38,627
└─ Number of evaluation instructions: 39,462

Constraints
├─ AND constraints: 16,908 used (51.6% of 2^15)
│  [▓▓▓▓▓░░░░░] spare: 15,860
├─ MUL constraints: 0 used (0.0% of 2^0)
│  [░░░░░░░░░░] spare: 1
└─ Distinct value indices: 39,421
   ├─ Distinct shifted value indices: 22,420
   └─ Distinct unshifted value indices: 17,001

Value Vector
├─ Public Section: 357 used (69.7% of 2^9)
│  [▓▓▓▓▓▓░░░░] spare: 155
│  ├─ Constants: 225
│  └─ Inout: 132
├─ Private Section: 16,646 used (51.6%)
│  [▓▓▓▓▓░░░░░] spare: 15,610
│  ├─ Witness: 273
│  └─ Internal: 16,373
├─ Total Committed: 17,003 used (51.9% of 2^15)
│  [▓▓▓▓▓░░░░░] spare: 15,765
└─ Scratch (uncommitted): 33,045

