sha512 circuit
--
Gates & Instructions
├─ Number of gates: 23,993
└─ Number of evaluation instructions: 23,993

Constraints
├─ ZERO constraints: 1,944 used (94.9% of 2^11)
│  [▓▓▓▓▓▓▓▓▓░] spare: 104
├─ AND constraints: 8,090 used (98.8% of 2^13)
│  [▓▓▓▓▓▓▓▓▓░] spare: 102
├─ IMUL constraints: 0 used (0.0% of 0)
│  [░░░░░░░░░░] spare: 0
├─ BMUL constraints: 0 used (0.0% of 0)
│  [░░░░░░░░░░] spare: 0
└─ Distinct value indices: 24,350
   ├─ Distinct shifted value indices: 14,030
   └─ Distinct unshifted value indices: 10,320

Value Vector
├─ Public Section: 1,121 used (54.7% of 2^11)
│  [▓▓▓▓▓░░░░░] spare: 927
│  ├─ Constants: 985
│  └─ Inout: 136
├─ Private Section: 10,026 used (69.9%)
│  [▓▓▓▓▓▓░░░░] spare: 4,310
│  ├─ Witness: 0
│  └─ Internal: 10,026
├─ Total Committed: 11,147 used (68.0% of 2^14)
│  [▓▓▓▓▓▓░░░░] spare: 5,237
└─ Scratch (uncommitted): 20,603 (peak live: 13)

