zklogin circuit
--
Gates & Instructions
├─ Number of gates: 391,028
└─ Number of evaluation instructions: 459,115

Constraints
├─ ZERO constraints: 22,862 used (69.8% of 2^15)
│  [▓▓▓▓▓▓░░░░] spare: 9,906
├─ AND constraints: 235,124 used (89.7% of 2^18)
│  [▓▓▓▓▓▓▓▓░░] spare: 27,020
├─ IMUL constraints: 8,262 used (50.4% of 2^14)
│  [▓▓▓▓▓░░░░░] spare: 8,122
├─ BMUL constraints: 0 used (0.0% of 0)
│  [░░░░░░░░░░] spare: 0
└─ Distinct value indices: 544,947
   ├─ Distinct shifted value indices: 284,342
   └─ Distinct unshifted value indices: 260,605

Value Vector
├─ Public Section: 1,031 used (50.3% of 2^11)
│  [▓▓▓▓▓░░░░░] spare: 1,017
│  ├─ Constants: 729
│  └─ Inout: 302
├─ Private Section: 259,584 used (99.8%)
│  [▓▓▓▓▓▓▓▓▓░] spare: 512
│  ├─ Witness: 1,381
│  └─ Internal: 258,203
├─ Total Committed: 260,615 used (99.4% of 2^18)
│  [▓▓▓▓▓▓▓▓▓░] spare: 1,529
└─ Scratch (uncommitted): 320,445 (peak live: 1,542)

